2026-05-06 18:08:55,669 - INFO - Shape: (145, 145, 200)
2026-05-06 18:08:55,669 - INFO - Classes: 17
2026-05-06 18:08:55,669 - INFO - Pixels: 10249
2026-05-06 18:08:55,670 - INFO - Min class: 20
2026-05-06 18:08:55,670 - INFO - Max class: 2455
2026-05-06 18:08:56,068 - INFO - Train size: (3074, 200), Test size: (7175, 200)
2026-05-06 18:08:56,092 - INFO - PCA component for 90%: 3
2026-05-06 18:08:56,093 - INFO - PCA component for 95%: 9
2026-05-06 18:08:56,093 - INFO - PCA component for 98%: 24
2026-05-06 18:08:56,093 - INFO - PCA component for 99%: 37
2026-05-06 18:08:56,126 - INFO - Optimizing SVM parameters...
2026-05-06 18:09:09,072 - INFO - Best SVM parameters: {'pca_variance': 0.99, 'kernel': 'linear', 'C': 1.8546158842013192, 'gamma': 0.007174016377585773}
2026-05-06 18:09:09,547 - INFO - SVM baseline accuracy: 0.7543
2026-05-06 18:09:10,553 - INFO - SVM share 0.1: acc=0.7239, f1_macro=0.7118
2026-05-06 18:09:12,503 - INFO - SVM share 0.2: acc=0.7421, f1_macro=0.7589
2026-05-06 18:09:15,081 - INFO - SVM share 0.3: acc=0.7550, f1_macro=0.7858
2026-05-06 18:09:19,031 - INFO - SVM share 0.4: acc=0.8037, f1_macro=0.8210
2026-05-06 18:09:28,569 - INFO - SVM share 0.5: acc=0.8084, f1_macro=0.8285
2026-05-06 18:09:36,474 - INFO - SVM share 0.6: acc=0.8137, f1_macro=0.8259
2026-05-06 18:09:47,730 - INFO - SVM share 0.7: acc=0.8234, f1_macro=0.8508
2026-05-06 18:09:56,848 - INFO - SVM share 0.8: acc=0.8259, f1_macro=0.8516
2026-05-06 18:10:07,437 - INFO - SVM share 0.9: acc=0.8195, f1_macro=0.8575
2026-05-06 18:10:07,537 - INFO - Deep learning experiments...
2026-05-06 18:12:09,087 - INFO - 1D CNN share 0.1: acc=0.4773, f1_macro=0.4186
2026-05-06 18:14:07,091 - INFO - 1D CNN share 0.2: acc=0.5233, f1_macro=0.4751
2026-05-06 18:16:08,665 - INFO - 1D CNN share 0.3: acc=0.5291, f1_macro=0.4866
2026-05-06 18:18:14,561 - INFO - 1D CNN share 0.4: acc=0.5353, f1_macro=0.5255
2026-05-06 18:20:24,436 - INFO - 1D CNN share 0.5: acc=0.5801, f1_macro=0.5733
2026-05-06 18:22:59,770 - INFO - 1D CNN share 0.6: acc=0.6010, f1_macro=0.6066
2026-05-06 18:25:19,566 - INFO - 1D CNN share 0.7: acc=0.6166, f1_macro=0.6288
2026-05-06 18:27:42,906 - INFO - 1D CNN share 0.8: acc=0.6161, f1_macro=0.6278
2026-05-06 18:30:10,598 - INFO - 1D CNN share 0.9: acc=0.6166, f1_macro=0.6439
2026-05-06 18:30:10,686 - INFO - Target accuracy: 0.93, Target F1 macro: 0.9
2026-05-06 18:30:10,686 - INFO - Could not match the exact 2D baseline targets. Closest run:
2026-05-06 18:30:10,686 - INFO - {'train_share': 0.9, 'accuracy': 0.6165853658536585, 'f1_macro': 0.643886459758698, 'f1_weighted': 0.6201857259944009}
2026-05-06 18:30:10,688 - INFO - Parameters 1D CNN: 37,776
2026-05-06 18:30:10,688 - INFO - Parameters 2D CNN (Baseline): 489,296
2026-05-06 18:30:10,688 - INFO - Parameter reduction gain: 12.95x
